MPASM  5.51                          PIC1.ASM   3-20-2026  18:21:25         PAGE  1


LOC  OBJECT CODE     LINE SOURCE TEXT
  VALUE

Warning[205]: Found directive in column 1. (LIST)
                      00001 LIST P=16F84A
                      00002     INCLUDE <P16F84A.INC>
                      00001         LIST
                      00002 
                      00003 ;==========================================================================
                      00004 ;  MPASM PIC16F84A processor include
                      00005 ; 
                      00006 ;  (c) Copyright 1999-2013 Microchip Technology, All rights reserved
                      00007 ;==========================================================================
                      00008 
                      00208         LIST
2007   3FF2           00003     __CONFIG _HS_OSC & _WDT_OFF & _PWRTE_ON & _CP_OFF
                      00004 
                      00005     CBLOCK 0x0C
  0000000C            00006     CONT_TIEMPO
  0000000D            00007     MORSE_DATA      
  0000000E            00008     TX_REG
  0000000F            00009     BIT_COUNT
  00000010            00010     DELAY_REG1
  00000011            00011     DELAY_REG2
  00000012            00012     DELAY_REG3      
                      00013     ENDC
                      00014 
0000                  00015     ORG 0x00
0000   2801           00016     GOTO INICIO
                      00017 
0001                  00018 INICIO
0001   1683           00019     BSF     STATUS, RP0
0002   3001           00020     MOVLW   B'00000001'     
Message[302]: Register in operand not in bank 0.  Ensure that bank bits are correct.
0003   0085           00021     MOVWF   TRISA
Message[302]: Register in operand not in bank 0.  Ensure that bank bits are correct.
0004   0186           00022     CLRF    TRISB           
0005   1283           00023     BCF     STATUS, RP0
                      00024     
0006   0186           00025     CLRF    PORTB
0007   1406           00026     BSF     PORTB, 0        ; Estado IDLE del Serial (5V)
                      00027     
0008   3001           00028     MOVLW   B'00000001'     ; Bit centinela inicial
0009   008D           00029     MOVWF   MORSE_DATA
                      00030 
000A                  00031 ESPERA_SEÑAL
000A   1805           00032     BTFSC   PORTA, 0
000B   280D           00033     GOTO    INICIA_PULSO
000C   280A           00034     GOTO    ESPERA_SEÑAL
                      00035 
000D                  00036 INICIA_PULSO
000D   1486           00037     BSF     PORTB, 1        ; LED Rojo y Buzzer encendidos
000E   1606           00038     BSF     PORTB, 4        
000F   018C           00039     CLRF    CONT_TIEMPO
                      00040 
0010                  00041 MIDE_ALTO
MPASM  5.51                          PIC1.ASM   3-20-2026  18:21:25         PAGE  2


LOC  OBJECT CODE     LINE SOURCE TEXT
  VALUE

0010   2094           00042     CALL    RETARDO_10MS
0011   0A8C           00043     INCF    CONT_TIEMPO, F
0012   1805           00044     BTFSC   PORTA, 0
0013   2810           00045     GOTO    MIDE_ALTO
                      00046 
0014   1086           00047     BCF     PORTB, 1        ; Apaga indicadores
0015   1206           00048     BCF     PORTB, 4        
                      00049 
0016   303C           00050     MOVLW   D'60'           ; Umbral de 600ms para RAYA
0017   020C           00051     SUBWF   CONT_TIEMPO, W
0018   1803           00052     BTFSC   STATUS, C
0019   281C           00053     GOTO    ES_RAYA
                      00054 
001A                  00055 ES_PUNTO
001A   1003           00056     BCF     STATUS, C       ; Bit 0 para Punto
001B   281D           00057     GOTO    GUARDA_BIT
                      00058 
001C                  00059 ES_RAYA
001C   1403           00060     BSF     STATUS, C       ; Bit 1 para Raya
                      00061 
001D                  00062 GUARDA_BIT
001D   0D8D           00063     RLF     MORSE_DATA, F   
                      00064 
001E   018C           00065     CLRF    CONT_TIEMPO
001F                  00066 MIDE_BAJO
001F   2094           00067     CALL    RETARDO_10MS
0020   0A8C           00068     INCF    CONT_TIEMPO, F
0021   1805           00069     BTFSC   PORTA, 0
0022   280D           00070     GOTO    INICIA_PULSO    
                      00071 
0023   303C           00072     MOVLW   D'60'           ; Umbral fin de letra
0024   020C           00073     SUBWF   CONT_TIEMPO, W
0025   1C03           00074     BTFSS   STATUS, C
0026   281F           00075     GOTO    MIDE_BAJO       
                      00076 
0027   1506           00077     BSF     PORTB, 2        ; LED Verde (Fin Letra)
0028   209E           00078     CALL    RETARDO_200MS   
0029   1106           00079     BCF     PORTB, 2
                      00080     
002A   080D           00081     MOVF    MORSE_DATA, W
002B   203F           00082     CALL    TABLA_MORSE
002C   008E           00083     MOVWF   TX_REG
                      00084     
002D   2080           00085     CALL    SEND_UART       ; Envía el caracter al PIC 2
                      00086     
002E   3001           00087     MOVLW   B'00000001'     ; Reinicia registro
002F   008D           00088     MOVWF   MORSE_DATA
                      00089     
0030                  00090 MIDE_PALABRA
0030   2094           00091     CALL    RETARDO_10MS
0031   0A8C           00092     INCF    CONT_TIEMPO, F
0032   1805           00093     BTFSC   PORTA, 0
0033   280D           00094     GOTO    INICIA_PULSO    
MPASM  5.51                          PIC1.ASM   3-20-2026  18:21:25         PAGE  3


LOC  OBJECT CODE     LINE SOURCE TEXT
  VALUE

                      00095     
0034   30B4           00096     MOVLW   D'180'          ; Umbral fin de palabra
0035   020C           00097     SUBWF   CONT_TIEMPO, W
0036   1C03           00098     BTFSS   STATUS, C
0037   2830           00099     GOTO    MIDE_PALABRA
                      00100     
0038   1586           00101     BSF     PORTB, 3        ; LED Azul (Fin Palabra)
0039   209E           00102     CALL    RETARDO_200MS   
003A   1186           00103     BCF     PORTB, 3
                      00104     
003B   3020           00105     MOVLW   A' '            ; Envía espacio
003C   008E           00106     MOVWF   TX_REG
003D   2080           00107     CALL    SEND_UART
003E   280A           00108     GOTO    ESPERA_SEÑAL
                      00109 
                      00110 ; --- TABLA DE TRADUCCIÓN EXTENDIDA (Basada en tu imagen) ---
003F                  00111 TABLA_MORSE
003F   0782           00112     ADDWF   PCL, F
0040   343F           00113     RETLW   '?' ; 0
0041   343F           00114     RETLW   '?' ; 1 
0042   3465           00115     RETLW   'e' ; 2
0043   3474           00116     RETLW   't' ; 3
0044   3469           00117     RETLW   'i' ; 4
0045   3461           00118     RETLW   'a' ; 5
0046   346E           00119     RETLW   'n' ; 6
0047   346D           00120     RETLW   'm' ; 7
0048   3473           00121     RETLW   's' ; 8
0049   3475           00122     RETLW   'u' ; 9
004A   3472           00123     RETLW   'r' ; 10
004B   3477           00124     RETLW   'w' ; 11
004C   3464           00125     RETLW   'd' ; 12
004D   346B           00126     RETLW   'k' ; 13
004E   3467           00127     RETLW   'g' ; 14
004F   346F           00128     RETLW   'o' ; 15
0050   3468           00129     RETLW   'h' ; 16
0051   3476           00130     RETLW   'v' ; 17
0052   3466           00131     RETLW   'f' ; 18
0053   343F           00132     RETLW   '?' ; 19 
0054   346C           00133     RETLW   'l' ; 20
0055   343F           00134     RETLW   '?' ; 21 
0056   3470           00135     RETLW   'p' ; 22
0057   346A           00136     RETLW   'j' ; 23
0058   3462           00137     RETLW   'b' ; 24
0059   3478           00138     RETLW   'x' ; 25
005A   3463           00139     RETLW   'c' ; 26
005B   3479           00140     RETLW   'y' ; 27
005C   347A           00141     RETLW   'z' ; 28
005D   3471           00142     RETLW   'q' ; 29
005E   343F           00143     RETLW   '?' ; 30 
005F   343F           00144     RETLW   '?' ; 31 
0060   3435           00145     RETLW   '5' ; 32 (.....)
0061   3434           00146     RETLW   '4' ; 33 (....-)
0062   343F           00147     RETLW   '?' ; 34 
MPASM  5.51                          PIC1.ASM   3-20-2026  18:21:25         PAGE  4


LOC  OBJECT CODE     LINE SOURCE TEXT
  VALUE

0063   3433           00148     RETLW   '3' ; 35 (...--)
0064   343F           00149     RETLW   '?' ; 36 
0065   343F           00150     RETLW   '?' ; 37 
0066   343F           00151     RETLW   '?' ; 38 
0067   3432           00152     RETLW   '2' ; 39 (..---)
0068   343F           00153     RETLW   '?' ; 40 
0069   343F           00154     RETLW   '?' ; 41 
006A   343F           00155     RETLW   '?' ; 42 
006B   343F           00156     RETLW   '?' ; 43 
006C   343F           00157     RETLW   '?' ; 44 
006D   343F           00158     RETLW   '?' ; 45 
006E   343F           00159     RETLW   '?' ; 46 
006F   3431           00160     RETLW   '1' ; 47 (.----)
0070   3436           00161     RETLW   '6' ; 48 (-....)
0071   343F           00162     RETLW   '?' ; 49 
0072   343F           00163     RETLW   '?' ; 50 
0073   343F           00164     RETLW   '?' ; 51 
0074   343F           00165     RETLW   '?' ; 52 
0075   343F           00166     RETLW   '?' ; 53 
0076   343F           00167     RETLW   '?' ; 54 
0077   343F           00168     RETLW   '?' ; 55 
0078   3437           00169     RETLW   '7' ; 56 (--...)
0079   343F           00170     RETLW   '?' ; 57 
007A   343F           00171     RETLW   '?' ; 58 
007B   343F           00172     RETLW   '?' ; 59 
007C   3438           00173     RETLW   '8' ; 60 (---..)
007D   343F           00174     RETLW   '?' ; 61 
007E   3439           00175     RETLW   '9' ; 62 (----.)
007F   3430           00176     RETLW   '0' ; 63 (-----)
                      00177 
                      00178 ; --- RUTINAS DE COMUNICACIÓN Y TIEMPO ---
0080                  00179 SEND_UART
0080   1006           00180     BCF     PORTB, 0        
0081   208F           00181     CALL    DELAY_104US
0082   3008           00182     MOVLW   D'8'
0083   008F           00183     MOVWF   BIT_COUNT
0084                  00184 TX_LOOP
0084   0C8E           00185     RRF     TX_REG, F
0085   1803           00186     BTFSC   STATUS, C
0086   1406           00187     BSF     PORTB, 0
0087   1C03           00188     BTFSS   STATUS, C
0088   1006           00189     BCF     PORTB, 0
0089   208F           00190     CALL    DELAY_104US
008A   0B8F           00191     DECFSZ  BIT_COUNT, F
008B   2884           00192     GOTO    TX_LOOP
008C   1406           00193     BSF     PORTB, 0        
008D   208F           00194     CALL    DELAY_104US
008E   0008           00195     RETURN
                      00196 
008F                  00197 DELAY_104US
008F   3021           00198     MOVLW   D'33'
0090   0090           00199     MOVWF   DELAY_REG1
0091                  00200 L_104
MPASM  5.51                          PIC1.ASM   3-20-2026  18:21:25         PAGE  5


LOC  OBJECT CODE     LINE SOURCE TEXT
  VALUE

0091   0B90           00201     DECFSZ  DELAY_REG1, F
0092   2891           00202     GOTO    L_104
0093   0008           00203     RETURN
                      00204 
0094                  00205 RETARDO_10MS
0094   300A           00206     MOVLW   D'10'
0095   0091           00207     MOVWF   DELAY_REG2
0096                  00208 L_10MS_OUTER
0096   30F9           00209     MOVLW   D'249'
0097   0090           00210     MOVWF   DELAY_REG1
0098                  00211 L_10MS_INNER
0098   0000           00212     NOP
0099   0B90           00213     DECFSZ  DELAY_REG1, F
009A   2898           00214     GOTO    L_10MS_INNER
009B   0B91           00215     DECFSZ  DELAY_REG2, F
009C   2896           00216     GOTO    L_10MS_OUTER
009D   0008           00217     RETURN
                      00218 
009E                  00219 RETARDO_200MS
009E   3014           00220     MOVLW   D'20'
009F   0092           00221     MOVWF   DELAY_REG3
00A0                  00222 L_200MS
00A0   2094           00223     CALL    RETARDO_10MS
00A1   0B92           00224     DECFSZ  DELAY_REG3, F
00A2   28A0           00225     GOTO    L_200MS
00A3   0008           00226     RETURN
                      00227 
                      00228     END
MPASM  5.51                          PIC1.ASM   3-20-2026  18:21:25         PAGE  6


SYMBOL TABLE
  LABEL                             VALUE 

BIT_COUNT                         0000000F
C                                 00000000
CONT_TIEMPO                       0000000C
DC                                00000001
DELAY_104US                       0000008F
DELAY_REG1                        00000010
DELAY_REG2                        00000011
DELAY_REG3                        00000012
EEADR                             00000009
EECON1                            00000088
EECON2                            00000089
EEDATA                            00000008
EEIE                              00000006
EEIF                              00000004
ESPERA_SEÑAL                     0000000A
ES_PUNTO                          0000001A
ES_RAYA                           0000001C
F                                 00000001
FSR                               00000004
GIE                               00000007
GUARDA_BIT                        0000001D
INDF                              00000000
INICIA_PULSO                      0000000D
INICIO                            00000001
INTCON                            0000000B
INTE                              00000004
INTEDG                            00000006
INTF                              00000001
IRP                               00000007
L_104                             00000091
L_10MS_INNER                      00000098
L_10MS_OUTER                      00000096
L_200MS                           000000A0
MIDE_ALTO                         00000010
MIDE_BAJO                         0000001F
MIDE_PALABRA                      00000030
MORSE_DATA                        0000000D
NOT_PD                            00000003
NOT_RBPU                          00000007
NOT_TO                            00000004
OPTION_REG                        00000081
PCL                               00000002
PCLATH                            0000000A
PORTA                             00000005
PORTB                             00000006
PS0                               00000000
PS1                               00000001
PS2                               00000002
PSA                               00000003
RA0                               00000000
RA1                               00000001
RA2                               00000002
RA3                               00000003
MPASM  5.51                          PIC1.ASM   3-20-2026  18:21:25         PAGE  7


SYMBOL TABLE
  LABEL                             VALUE 

RA4                               00000004
RB0                               00000000
RB1                               00000001
RB2                               00000002
RB3                               00000003
RB4                               00000004
RB5                               00000005
RB6                               00000006
RB7                               00000007
RBIE                              00000003
RBIF                              00000000
RD                                00000000
RETARDO_10MS                      00000094
RETARDO_200MS                     0000009E
RP0                               00000005
RP1                               00000006
SEND_UART                         00000080
STATUS                            00000003
T0CS                              00000005
T0IE                              00000005
T0IF                              00000002
T0SE                              00000004
TABLA_MORSE                       0000003F
TMR0                              00000001
TMR0IE                            00000005
TMR0IF                            00000002
TRISA                             00000085
TRISA0                            00000000
TRISA1                            00000001
TRISA2                            00000002
TRISA3                            00000003
TRISA4                            00000004
TRISB                             00000086
TRISB0                            00000000
TRISB1                            00000001
TRISB2                            00000002
TRISB3                            00000003
TRISB4                            00000004
TRISB5                            00000005
TRISB6                            00000006
TRISB7                            00000007
TX_LOOP                           00000084
TX_REG                            0000000E
W                                 00000000
WR                                00000001
WREN                              00000002
WRERR                             00000003
Z                                 00000002
_CONFIG                           00002007
_CP_OFF                           00003FFF
_CP_ON                            0000000F
_DEVID1                           00002006
_FOSC_EXTRC                       00003FFF
MPASM  5.51                          PIC1.ASM   3-20-2026  18:21:25         PAGE  8


SYMBOL TABLE
  LABEL                             VALUE 

_FOSC_HS                          00003FFE
_FOSC_LP                          00003FFC
_FOSC_XT                          00003FFD
_HS_OSC                           00003FFE
_IDLOC0                           00002000
_IDLOC1                           00002001
_IDLOC2                           00002002
_IDLOC3                           00002003
_LP_OSC                           00003FFC
_PWRTE_OFF                        00003FFF
_PWRTE_ON                         00003FF7
_RC_OSC                           00003FFF
_WDTE_OFF                         00003FFB
_WDTE_ON                          00003FFF
_WDT_OFF                          00003FFB
_WDT_ON                           00003FFF
_XT_OSC                           00003FFD
__16F84A                          00000001


MEMORY USAGE MAP ('X' = Used,  '-' = Unused)

0000 : XXXXXXXXXXXXXXXX XXXXXXXXXXXXXXXX XXXXXXXXXXXXXXXX XXXXXXXXXXXXXXXX
0040 : XXXXXXXXXXXXXXXX XXXXXXXXXXXXXXXX XXXXXXXXXXXXXXXX XXXXXXXXXXXXXXXX
0080 : XXXXXXXXXXXXXXXX XXXXXXXXXXXXXXXX XXXX------------ ----------------
2000 : -------X-------- ---------------- ---------------- ----------------

All other memory blocks unused.

Program Memory Words Used:   164
Program Memory Words Free:   860


Errors   :     0
Warnings :     1 reported,     0 suppressed
Messages :     2 reported,     0 suppressed

